<?xml version="1.0" encoding="utf-8"?><testsuites><testsuite name="pytest" errors="0" failures="4" skipped="0" tests="4" time="0.382" timestamp="2023-03-08T16:45:32.697837" hostname="Rons-MacBook-Air.local"><testcase classname="tests.polytest.TestBot" name="test_message_handler" time="0.001"><failure message="FileNotFoundError: [Errno 2] No such file or directory: '.telegramToken'">self = &lt;polytest.TestBot testMethod=test_message_handler&gt;

    def setUp(self):
&gt;       with open('.telegramToken') as f:
E       FileNotFoundError: [Errno 2] No such file or directory: '.telegramToken'

tests/polytest.py:15: FileNotFoundError</failure></testcase><testcase classname="tests.polytest.TestBot" name="test_send_text" time="0.000"><failure message="FileNotFoundError: [Errno 2] No such file or directory: '.telegramToken'">self = &lt;polytest.TestBot testMethod=test_send_text&gt;

    def setUp(self):
&gt;       with open('.telegramToken') as f:
E       FileNotFoundError: [Errno 2] No such file or directory: '.telegramToken'

tests/polytest.py:15: FileNotFoundError</failure></testcase><testcase classname="tests.polytest.TestBot" name="test_send_text2" time="0.000"><failure message="FileNotFoundError: [Errno 2] No such file or directory: '.telegramToken'">self = &lt;polytest.TestBot testMethod=test_send_text2&gt;

    def setUp(self):
&gt;       with open('.telegramToken') as f:
E       FileNotFoundError: [Errno 2] No such file or directory: '.telegramToken'

tests/polytest.py:15: FileNotFoundError</failure></testcase><testcase classname="tests.polytest.TestBot" name="test_start" time="0.000"><failure message="FileNotFoundError: [Errno 2] No such file or directory: '.telegramToken'">self = &lt;polytest.TestBot testMethod=test_start&gt;

    def setUp(self):
&gt;       with open('.telegramToken') as f:
E       FileNotFoundError: [Errno 2] No such file or directory: '.telegramToken'

tests/polytest.py:15: FileNotFoundError</failure></testcase></testsuite></testsuites>